---
source: src/ui/widgets/tapereader/mod.rs
expression: actual
---
Buffer {
    area: Rect { x: 0, y: 0, width: 64, height: 32 },
    content: [
        "┌Tape: POS: 0x00000 (0/1), EOT: 0x00020                        ┌",
        "│Address  Instruction                Hash                      │",
        "│                                                              │",
        "│                                                              │",
        "│                                                              │",
        "│                                                              │",
        "│                                                              │",
        "│                                                              │",
        "│                                                              │",
        "│                                                              │",
        "│                                                              │",
        "│                                                              │",
        "│                                                              │",
        "│                                                              │",
        "│                                                              │",
        "│                                                              │",
        "│                                                              │",
        "│                                                              │",
        "│                                                              │",
        "│                                                              │",
        "│                                                              │",
        "│                                                              │",
        "│                                                              │",
        "│                                                              │",
        "│                                                              │",
        "│                                                              │",
        "│                                                              │",
        "│                                                              │",
        "│                                                              │",
        "│                                                              │",
        "│                                                              │",
        "└PLACEHOL                                                      └",
    ],
    styles: [
        x: 0, y: 0, fg: White, bg: Black, underline: Reset, modifier: NONE,
        x: 1, y: 1, fg: White, bg: Black, underline: Reset, modifier: BOLD,
        x: 63, y: 1, fg: White, bg: Black, underline: Reset, modifier: NONE,
    ]
}
