---
source: src/ui/app.rs
expression: t.backend().buffer().clone()
---
Buffer {
    area: Rect { x: 0, y: 0, width: 64, height: 32 },
    content: [
        "                   Tape: POS: 0x00000 (0/1), EOT: 0x0020        ",
        "                   ┌───────────────────────────────────────────┐",
        "                   │  Address  Instruction      Hash           │",
        "                   │>>0x0000                                   │",
        "a8 b8 c8 d8 e8 f8 g8 h8x0001                                   │",
        "                   │  0x0002                                   │",
        "a7 b7 c7 d7 e7 f7 g7 h7x0003                                   │",
        "                   │  0x0004                                   │",
        "a6 b6 c6 d6 e6 f6 g6 h6x0005                                   │",
        "                   │  0x0006                                   │",
        "a5 b5 c5 d5 e5 f5 g5 h5x0007                                   │",
        "                   │  0x0008                                   │",
        "a4 b4 c4 d4 e4 f4 g4 h4x0009                                   │",
        "8/8/8/8/8/8/8/8 w K│  0x000A                                   │",
        "a3 b3 c3 d3 e3 f3 g3─h3────────────────────────────────────────┘",
        "                   Footer here                                  ",
        "┌Tui Ta┐┌Tui Log [log=0.0/s]───────────────────────────────────┐",
        "│      ││                                                      │",
        "│1 b1 c││d1 e1 f1 g1 h1                                        │",
        "│      ││                                                      │",
        "│      ││                                                      │",
        "│      ││                                                      │",
        "│      ││                                                      │",
        "│      ││                                                      │",
        "│      ││                                                      │",
        "└──────┘└──────────────────────────────────────────────────────┘",
        "┌──────────────────────────────────────────────────────────────┐",
        "│                                                              │",
        "│                                                              │",
        "│                                                              │",
        "└──────────────────────────────────────────────────────────────┘",
        "$>                                                              ",
    ],
    styles: [
        x: 0, y: 0, fg: Reset, bg: Reset, underline: Reset, modifier: NONE,
        x: 19, y: 1, fg: White, bg: Reset, underline: Reset, modifier: NONE,
        x: 0, y: 2, fg: Reset, bg: Reset, underline: Reset, modifier: NONE,
        x: 19, y: 2, fg: White, bg: Reset, underline: Reset, modifier: NONE,
        x: 20, y: 2, fg: White, bg: Reset, underline: Reset, modifier: BOLD,
        x: 63, y: 2, fg: White, bg: Reset, underline: Reset, modifier: NONE,
        x: 0, y: 3, fg: Black, bg: Rgb(160, 160, 160), underline: Reset, modifier: NONE,
        x: 2, y: 3, fg: White, bg: Rgb(96, 96, 96), underline: Reset, modifier: NONE,
        x: 5, y: 3, fg: Black, bg: Rgb(160, 160, 160), underline: Reset, modifier: NONE,
        x: 7, y: 3, fg: White, bg: Rgb(96, 96, 96), underline: Reset, modifier: NONE,
        x: 10, y: 3, fg: Black, bg: Rgb(160, 160, 160), underline: Reset, modifier: NONE,
        x: 12, y: 3, fg: White, bg: Rgb(96, 96, 96), underline: Reset, modifier: NONE,
        x: 14, y: 3, fg: Black, bg: Rgb(160, 160, 160), underline: Reset, modifier: NONE,
        x: 17, y: 3, fg: White, bg: Rgb(96, 96, 96), underline: Reset, modifier: NONE,
        x: 19, y: 3, fg: White, bg: Reset, underline: Reset, modifier: NONE,
        x: 20, y: 3, fg: White, bg: Reset, underline: Reset, modifier: REVERSED,
        x: 63, y: 3, fg: White, bg: Reset, underline: Reset, modifier: NONE,
        x: 0, y: 4, fg: Rgb(101, 101, 101), bg: Rgb(160, 160, 160), underline: Reset, modifier: NONE,
        x: 2, y: 4, fg: White, bg: Rgb(96, 96, 96), underline: Reset, modifier: NONE,
        x: 3, y: 4, fg: Rgb(101, 101, 101), bg: Rgb(96, 96, 96), underline: Reset, modifier: NONE,
        x: 5, y: 4, fg: Black, bg: Rgb(160, 160, 160), underline: Reset, modifier: NONE,
        x: 6, y: 4, fg: Rgb(101, 101, 101), bg: Rgb(160, 160, 160), underline: Reset, modifier: NONE,
        x: 7, y: 4, fg: Rgb(101, 101, 101), bg: Rgb(96, 96, 96), underline: Reset, modifier: NONE,
        x: 8, y: 4, fg: White, bg: Rgb(96, 96, 96), underline: Reset, modifier: NONE,
        x: 9, y: 4, fg: Rgb(101, 101, 101), bg: Rgb(96, 96, 96), underline: Reset, modifier: NONE,
        x: 10, y: 4, fg: Rgb(101, 101, 101), bg: Rgb(160, 160, 160), underline: Reset, modifier: NONE,
        x: 11, y: 4, fg: Black, bg: Rgb(160, 160, 160), underline: Reset, modifier: NONE,
        x: 12, y: 4, fg: Rgb(101, 101, 101), bg: Rgb(96, 96, 96), underline: Reset, modifier: NONE,
        x: 14, y: 4, fg: Black, bg: Rgb(160, 160, 160), underline: Reset, modifier: NONE,
        x: 15, y: 4, fg: Rgb(101, 101, 101), bg: Rgb(160, 160, 160), underline: Reset, modifier: NONE,
        x: 17, y: 4, fg: White, bg: Rgb(96, 96, 96), underline: Reset, modifier: NONE,
        x: 18, y: 4, fg: Rgb(101, 101, 101), bg: Rgb(96, 96, 96), underline: Reset, modifier: NONE,
        x: 19, y: 4, fg: Rgb(101, 101, 101), bg: Reset, underline: Reset, modifier: NONE,
        x: 20, y: 4, fg: White, bg: Reset, underline: Reset, modifier: NONE,
        x: 21, y: 4, fg: Rgb(101, 101, 101), bg: Reset, underline: Reset, modifier: NONE,
        x: 23, y: 4, fg: White, bg: Reset, underline: Reset, modifier: NONE,
        x: 0, y: 5, fg: White, bg: Rgb(96, 96, 96), underline: Reset, modifier: NONE,
        x: 2, y: 5, fg: Black, bg: Rgb(160, 160, 160), underline: Reset, modifier: NONE,
        x: 5, y: 5, fg: White, bg: Rgb(96, 96, 96), underline: Reset, modifier: NONE,
        x: 7, y: 5, fg: Black, bg: Rgb(160, 160, 160), underline: Reset, modifier: NONE,
        x: 10, y: 5, fg: White, bg: Rgb(96, 96, 96), underline: Reset, modifier: NONE,
        x: 12, y: 5, fg: Black, bg: Rgb(160, 160, 160), underline: Reset, modifier: NONE,
        x: 14, y: 5, fg: White, bg: Rgb(96, 96, 96), underline: Reset, modifier: NONE,
        x: 17, y: 5, fg: Black, bg: Rgb(160, 160, 160), underline: Reset, modifier: NONE,
        x: 19, y: 5, fg: White, bg: Reset, underline: Reset, modifier: NONE,
        x: 0, y: 6, fg: Rgb(101, 101, 101), bg: Rgb(96, 96, 96), underline: Reset, modifier: NONE,
        x: 2, y: 6, fg: Black, bg: Rgb(160, 160, 160), underline: Reset, modifier: NONE,
        x: 3, y: 6, fg: Rgb(101, 101, 101), bg: Rgb(160, 160, 160), underline: Reset, modifier: NONE,
        x: 5, y: 6, fg: White, bg: Rgb(96, 96, 96), underline: Reset, modifier: NONE,
        x: 6, y: 6, fg: Rgb(101, 101, 101), bg: Rgb(96, 96, 96), underline: Reset, modifier: NONE,
        x: 7, y: 6, fg: Rgb(101, 101, 101), bg: Rgb(160, 160, 160), underline: Reset, modifier: NONE,
        x: 8, y: 6, fg: Black, bg: Rgb(160, 160, 160), underline: Reset, modifier: NONE,
        x: 9, y: 6, fg: Rgb(101, 101, 101), bg: Rgb(160, 160, 160), underline: Reset, modifier: NONE,
        x: 10, y: 6, fg: Rgb(101, 101, 101), bg: Rgb(96, 96, 96), underline: Reset, modifier: NONE,
        x: 11, y: 6, fg: White, bg: Rgb(96, 96, 96), underline: Reset, modifier: NONE,
        x: 12, y: 6, fg: Rgb(101, 101, 101), bg: Rgb(160, 160, 160), underline: Reset, modifier: NONE,
        x: 14, y: 6, fg: White, bg: Rgb(96, 96, 96), underline: Reset, modifier: NONE,
        x: 15, y: 6, fg: Rgb(101, 101, 101), bg: Rgb(96, 96, 96), underline: Reset, modifier: NONE,
        x: 17, y: 6, fg: Black, bg: Rgb(160, 160, 160), underline: Reset, modifier: NONE,
        x: 18, y: 6, fg: Rgb(101, 101, 101), bg: Rgb(160, 160, 160), underline: Reset, modifier: NONE,
        x: 19, y: 6, fg: Rgb(101, 101, 101), bg: Reset, underline: Reset, modifier: NONE,
        x: 20, y: 6, fg: White, bg: Reset, underline: Reset, modifier: NONE,
        x: 21, y: 6, fg: Rgb(101, 101, 101), bg: Reset, underline: Reset, modifier: NONE,
        x: 23, y: 6, fg: White, bg: Reset, underline: Reset, modifier: NONE,
        x: 0, y: 7, fg: Black, bg: Rgb(160, 160, 160), underline: Reset, modifier: NONE,
        x: 2, y: 7, fg: White, bg: Rgb(96, 96, 96), underline: Reset, modifier: NONE,
        x: 5, y: 7, fg: Black, bg: Rgb(160, 160, 160), underline: Reset, modifier: NONE,
        x: 7, y: 7, fg: White, bg: Rgb(96, 96, 96), underline: Reset, modifier: NONE,
        x: 10, y: 7, fg: Black, bg: Rgb(160, 160, 160), underline: Reset, modifier: NONE,
        x: 12, y: 7, fg: White, bg: Rgb(96, 96, 96), underline: Reset, modifier: NONE,
        x: 14, y: 7, fg: Black, bg: Rgb(160, 160, 160), underline: Reset, modifier: NONE,
        x: 17, y: 7, fg: White, bg: Rgb(96, 96, 96), underline: Reset, modifier: NONE,
        x: 19, y: 7, fg: White, bg: Reset, underline: Reset, modifier: NONE,
        x: 0, y: 8, fg: Rgb(101, 101, 101), bg: Rgb(160, 160, 160), underline: Reset, modifier: NONE,
        x: 2, y: 8, fg: White, bg: Rgb(96, 96, 96), underline: Reset, modifier: NONE,
        x: 3, y: 8, fg: Rgb(101, 101, 101), bg: Rgb(96, 96, 96), underline: Reset, modifier: NONE,
        x: 5, y: 8, fg: Black, bg: Rgb(160, 160, 160), underline: Reset, modifier: NONE,
        x: 6, y: 8, fg: Rgb(101, 101, 101), bg: Rgb(160, 160, 160), underline: Reset, modifier: NONE,
        x: 7, y: 8, fg: Rgb(101, 101, 101), bg: Rgb(96, 96, 96), underline: Reset, modifier: NONE,
        x: 8, y: 8, fg: White, bg: Rgb(96, 96, 96), underline: Reset, modifier: NONE,
        x: 9, y: 8, fg: Rgb(101, 101, 101), bg: Rgb(96, 96, 96), underline: Reset, modifier: NONE,
        x: 10, y: 8, fg: Rgb(101, 101, 101), bg: Rgb(160, 160, 160), underline: Reset, modifier: NONE,
        x: 11, y: 8, fg: Black, bg: Rgb(160, 160, 160), underline: Reset, modifier: NONE,
        x: 12, y: 8, fg: Rgb(101, 101, 101), bg: Rgb(96, 96, 96), underline: Reset, modifier: NONE,
        x: 14, y: 8, fg: Black, bg: Rgb(160, 160, 160), underline: Reset, modifier: NONE,
        x: 15, y: 8, fg: Rgb(101, 101, 101), bg: Rgb(160, 160, 160), underline: Reset, modifier: NONE,
        x: 17, y: 8, fg: White, bg: Rgb(96, 96, 96), underline: Reset, modifier: NONE,
        x: 18, y: 8, fg: Rgb(101, 101, 101), bg: Rgb(96, 96, 96), underline: Reset, modifier: NONE,
        x: 19, y: 8, fg: Rgb(101, 101, 101), bg: Reset, underline: Reset, modifier: NONE,
        x: 20, y: 8, fg: White, bg: Reset, underline: Reset, modifier: NONE,
        x: 21, y: 8, fg: Rgb(101, 101, 101), bg: Reset, underline: Reset, modifier: NONE,
        x: 23, y: 8, fg: White, bg: Reset, underline: Reset, modifier: NONE,
        x: 0, y: 9, fg: White, bg: Rgb(96, 96, 96), underline: Reset, modifier: NONE,
        x: 2, y: 9, fg: Black, bg: Rgb(160, 160, 160), underline: Reset, modifier: NONE,
        x: 5, y: 9, fg: White, bg: Rgb(96, 96, 96), underline: Reset, modifier: NONE,
        x: 7, y: 9, fg: Black, bg: Rgb(160, 160, 160), underline: Reset, modifier: NONE,
        x: 10, y: 9, fg: White, bg: Rgb(96, 96, 96), underline: Reset, modifier: NONE,
        x: 12, y: 9, fg: Black, bg: Rgb(160, 160, 160), underline: Reset, modifier: NONE,
        x: 14, y: 9, fg: White, bg: Rgb(96, 96, 96), underline: Reset, modifier: NONE,
        x: 17, y: 9, fg: Black, bg: Rgb(160, 160, 160), underline: Reset, modifier: NONE,
        x: 19, y: 9, fg: White, bg: Reset, underline: Reset, modifier: NONE,
        x: 0, y: 10, fg: Rgb(101, 101, 101), bg: Rgb(96, 96, 96), underline: Reset, modifier: NONE,
        x: 2, y: 10, fg: Black, bg: Rgb(160, 160, 160), underline: Reset, modifier: NONE,
        x: 3, y: 10, fg: Rgb(101, 101, 101), bg: Rgb(160, 160, 160), underline: Reset, modifier: NONE,
        x: 5, y: 10, fg: White, bg: Rgb(96, 96, 96), underline: Reset, modifier: NONE,
        x: 6, y: 10, fg: Rgb(101, 101, 101), bg: Rgb(96, 96, 96), underline: Reset, modifier: NONE,
        x: 7, y: 10, fg: Rgb(101, 101, 101), bg: Rgb(160, 160, 160), underline: Reset, modifier: NONE,
        x: 8, y: 10, fg: Black, bg: Rgb(160, 160, 160), underline: Reset, modifier: NONE,
        x: 9, y: 10, fg: Rgb(101, 101, 101), bg: Rgb(160, 160, 160), underline: Reset, modifier: NONE,
        x: 10, y: 10, fg: Rgb(101, 101, 101), bg: Rgb(96, 96, 96), underline: Reset, modifier: NONE,
        x: 11, y: 10, fg: White, bg: Rgb(96, 96, 96), underline: Reset, modifier: NONE,
        x: 12, y: 10, fg: Rgb(101, 101, 101), bg: Rgb(160, 160, 160), underline: Reset, modifier: NONE,
        x: 14, y: 10, fg: White, bg: Rgb(96, 96, 96), underline: Reset, modifier: NONE,
        x: 15, y: 10, fg: Rgb(101, 101, 101), bg: Rgb(96, 96, 96), underline: Reset, modifier: NONE,
        x: 17, y: 10, fg: Black, bg: Rgb(160, 160, 160), underline: Reset, modifier: NONE,
        x: 18, y: 10, fg: Rgb(101, 101, 101), bg: Rgb(160, 160, 160), underline: Reset, modifier: NONE,
        x: 19, y: 10, fg: Rgb(101, 101, 101), bg: Reset, underline: Reset, modifier: NONE,
        x: 20, y: 10, fg: White, bg: Reset, underline: Reset, modifier: NONE,
        x: 21, y: 10, fg: Rgb(101, 101, 101), bg: Reset, underline: Reset, modifier: NONE,
        x: 23, y: 10, fg: White, bg: Reset, underline: Reset, modifier: NONE,
        x: 0, y: 11, fg: Black, bg: Rgb(160, 160, 160), underline: Reset, modifier: NONE,
        x: 2, y: 11, fg: White, bg: Rgb(96, 96, 96), underline: Reset, modifier: NONE,
        x: 5, y: 11, fg: Black, bg: Rgb(160, 160, 160), underline: Reset, modifier: NONE,
        x: 7, y: 11, fg: White, bg: Rgb(96, 96, 96), underline: Reset, modifier: NONE,
        x: 10, y: 11, fg: Black, bg: Rgb(160, 160, 160), underline: Reset, modifier: NONE,
        x: 12, y: 11, fg: White, bg: Rgb(96, 96, 96), underline: Reset, modifier: NONE,
        x: 14, y: 11, fg: Black, bg: Rgb(160, 160, 160), underline: Reset, modifier: NONE,
        x: 17, y: 11, fg: White, bg: Rgb(96, 96, 96), underline: Reset, modifier: NONE,
        x: 19, y: 11, fg: White, bg: Reset, underline: Reset, modifier: NONE,
        x: 0, y: 12, fg: Rgb(101, 101, 101), bg: Rgb(160, 160, 160), underline: Reset, modifier: NONE,
        x: 2, y: 12, fg: White, bg: Rgb(96, 96, 96), underline: Reset, modifier: NONE,
        x: 3, y: 12, fg: Rgb(101, 101, 101), bg: Rgb(96, 96, 96), underline: Reset, modifier: NONE,
        x: 5, y: 12, fg: Black, bg: Rgb(160, 160, 160), underline: Reset, modifier: NONE,
        x: 6, y: 12, fg: Rgb(101, 101, 101), bg: Rgb(160, 160, 160), underline: Reset, modifier: NONE,
        x: 7, y: 12, fg: Rgb(101, 101, 101), bg: Rgb(96, 96, 96), underline: Reset, modifier: NONE,
        x: 8, y: 12, fg: White, bg: Rgb(96, 96, 96), underline: Reset, modifier: NONE,
        x: 9, y: 12, fg: Rgb(101, 101, 101), bg: Rgb(96, 96, 96), underline: Reset, modifier: NONE,
        x: 10, y: 12, fg: Rgb(101, 101, 101), bg: Rgb(160, 160, 160), underline: Reset, modifier: NONE,
        x: 11, y: 12, fg: Black, bg: Rgb(160, 160, 160), underline: Reset, modifier: NONE,
        x: 12, y: 12, fg: Rgb(101, 101, 101), bg: Rgb(96, 96, 96), underline: Reset, modifier: NONE,
        x: 14, y: 12, fg: Black, bg: Rgb(160, 160, 160), underline: Reset, modifier: NONE,
        x: 15, y: 12, fg: Rgb(101, 101, 101), bg: Rgb(160, 160, 160), underline: Reset, modifier: NONE,
        x: 17, y: 12, fg: White, bg: Rgb(96, 96, 96), underline: Reset, modifier: NONE,
        x: 18, y: 12, fg: Rgb(101, 101, 101), bg: Rgb(96, 96, 96), underline: Reset, modifier: NONE,
        x: 19, y: 12, fg: Rgb(101, 101, 101), bg: Reset, underline: Reset, modifier: NONE,
        x: 20, y: 12, fg: White, bg: Reset, underline: Reset, modifier: NONE,
        x: 21, y: 12, fg: Rgb(101, 101, 101), bg: Reset, underline: Reset, modifier: NONE,
        x: 23, y: 12, fg: White, bg: Reset, underline: Reset, modifier: NONE,
        x: 0, y: 13, fg: Reset, bg: Reset, underline: Reset, modifier: NONE,
        x: 19, y: 13, fg: White, bg: Reset, underline: Reset, modifier: NONE,
        x: 0, y: 14, fg: Rgb(101, 101, 101), bg: Reset, underline: Reset, modifier: NONE,
        x: 2, y: 14, fg: Reset, bg: Reset, underline: Reset, modifier: NONE,
        x: 3, y: 14, fg: Rgb(101, 101, 101), bg: Reset, underline: Reset, modifier: NONE,
        x: 5, y: 14, fg: Reset, bg: Reset, underline: Reset, modifier: NONE,
        x: 6, y: 14, fg: Rgb(101, 101, 101), bg: Reset, underline: Reset, modifier: NONE,
        x: 8, y: 14, fg: Reset, bg: Reset, underline: Reset, modifier: NONE,
        x: 9, y: 14, fg: Rgb(101, 101, 101), bg: Reset, underline: Reset, modifier: NONE,
        x: 11, y: 14, fg: Reset, bg: Reset, underline: Reset, modifier: NONE,
        x: 12, y: 14, fg: Rgb(101, 101, 101), bg: Reset, underline: Reset, modifier: NONE,
        x: 14, y: 14, fg: Reset, bg: Reset, underline: Reset, modifier: NONE,
        x: 15, y: 14, fg: Rgb(101, 101, 101), bg: Reset, underline: Reset, modifier: NONE,
        x: 17, y: 14, fg: Reset, bg: Reset, underline: Reset, modifier: NONE,
        x: 18, y: 14, fg: Rgb(101, 101, 101), bg: Reset, underline: Reset, modifier: NONE,
        x: 20, y: 14, fg: White, bg: Reset, underline: Reset, modifier: NONE,
        x: 21, y: 14, fg: Rgb(101, 101, 101), bg: Reset, underline: Reset, modifier: NONE,
        x: 23, y: 14, fg: White, bg: Reset, underline: Reset, modifier: NONE,
        x: 0, y: 15, fg: Reset, bg: Reset, underline: Reset, modifier: NONE,
        x: 0, y: 16, fg: Rgb(101, 101, 101), bg: Reset, underline: Reset, modifier: NONE,
        x: 2, y: 16, fg: Reset, bg: Reset, underline: Reset, modifier: NONE,
        x: 3, y: 16, fg: Rgb(101, 101, 101), bg: Reset, underline: Reset, modifier: NONE,
        x: 5, y: 16, fg: Reset, bg: Reset, underline: Reset, modifier: NONE,
        x: 6, y: 16, fg: Rgb(101, 101, 101), bg: Reset, underline: Reset, modifier: NONE,
        x: 8, y: 16, fg: Reset, bg: Reset, underline: Reset, modifier: NONE,
        x: 9, y: 16, fg: Rgb(101, 101, 101), bg: Reset, underline: Reset, modifier: NONE,
        x: 11, y: 16, fg: Reset, bg: Reset, underline: Reset, modifier: NONE,
        x: 12, y: 16, fg: Rgb(101, 101, 101), bg: Reset, underline: Reset, modifier: NONE,
        x: 14, y: 16, fg: Reset, bg: Reset, underline: Reset, modifier: NONE,
        x: 15, y: 16, fg: Rgb(101, 101, 101), bg: Reset, underline: Reset, modifier: NONE,
        x: 17, y: 16, fg: Reset, bg: Reset, underline: Reset, modifier: NONE,
        x: 18, y: 16, fg: Rgb(101, 101, 101), bg: Reset, underline: Reset, modifier: NONE,
        x: 20, y: 16, fg: Reset, bg: Reset, underline: Reset, modifier: NONE,
        x: 21, y: 16, fg: Rgb(101, 101, 101), bg: Reset, underline: Reset, modifier: NONE,
        x: 23, y: 16, fg: Reset, bg: Reset, underline: Reset, modifier: NONE,
        x: 0, y: 18, fg: Rgb(101, 101, 101), bg: Reset, underline: Reset, modifier: NONE,
        x: 2, y: 18, fg: Reset, bg: Reset, underline: Reset, modifier: NONE,
        x: 3, y: 18, fg: Rgb(101, 101, 101), bg: Reset, underline: Reset, modifier: NONE,
        x: 5, y: 18, fg: Reset, bg: Reset, underline: Reset, modifier: NONE,
        x: 6, y: 18, fg: Rgb(101, 101, 101), bg: Reset, underline: Reset, modifier: NONE,
        x: 8, y: 18, fg: Reset, bg: Reset, underline: Reset, modifier: NONE,
        x: 9, y: 18, fg: Rgb(101, 101, 101), bg: Reset, underline: Reset, modifier: NONE,
        x: 11, y: 18, fg: Reset, bg: Reset, underline: Reset, modifier: NONE,
        x: 12, y: 18, fg: Rgb(101, 101, 101), bg: Reset, underline: Reset, modifier: NONE,
        x: 14, y: 18, fg: Reset, bg: Reset, underline: Reset, modifier: NONE,
        x: 15, y: 18, fg: Rgb(101, 101, 101), bg: Reset, underline: Reset, modifier: NONE,
        x: 17, y: 18, fg: Reset, bg: Reset, underline: Reset, modifier: NONE,
        x: 18, y: 18, fg: Rgb(101, 101, 101), bg: Reset, underline: Reset, modifier: NONE,
        x: 20, y: 18, fg: Reset, bg: Reset, underline: Reset, modifier: NONE,
        x: 21, y: 18, fg: Rgb(101, 101, 101), bg: Reset, underline: Reset, modifier: NONE,
        x: 23, y: 18, fg: Reset, bg: Reset, underline: Reset, modifier: NONE,
        x: 0, y: 26, fg: White, bg: Black, underline: Reset, modifier: NONE,
        x: 1, y: 27, fg: Reset, bg: Reset, underline: Reset, modifier: NONE,
        x: 63, y: 27, fg: White, bg: Black, underline: Reset, modifier: NONE,
        x: 1, y: 28, fg: Reset, bg: Reset, underline: Reset, modifier: NONE,
        x: 63, y: 28, fg: White, bg: Black, underline: Reset, modifier: NONE,
        x: 1, y: 29, fg: Reset, bg: Reset, underline: Reset, modifier: NONE,
        x: 63, y: 29, fg: White, bg: Black, underline: Reset, modifier: NONE,
        x: 0, y: 31, fg: Reset, bg: Reset, underline: Reset, modifier: NONE,
    ]
}
